// Jest Snapshot v1, https://goo.gl/fbAQLP

exports[`Form | Helpers renderInput method returns as expected 1`] = `
<TextInput
  allowFontScaling={true}
  onChangeText={[Function]}
  rejectResponderTermination={true}
  underlineColorAndroid="transparent"
  value=""
/>
`;
