// Jest Snapshot v1, https://goo.gl/fbAQLP

exports[`SignUpForm | Component renders correctly 1`] = `
Array [
  <TextInput
    allowFontScaling={true}
    onChangeText={[Function]}
    placeholder="Nome"
    rejectResponderTermination={true}
    underlineColorAndroid="transparent"
    value=""
  />,
  <TextInput
    allowFontScaling={true}
    onChangeText={[Function]}
    placeholder="Email"
    rejectResponderTermination={true}
    textContentType="emailAddress"
    underlineColorAndroid="transparent"
    value=""
  />,
  <TextInput
    allowFontScaling={true}
    onChangeText={[Function]}
    placeholder="Senha"
    rejectResponderTermination={true}
    textContentType="password"
    underlineColorAndroid="transparent"
    value=""
  />,
  <View
    accessibilityRole="button"
    accessibilityState={Object {}}
    accessible={true}
    focusable={true}
    onClick={[Function]}
    onResponderGrant={[Function]}
    onResponderMove={[Function]}
    onResponderRelease={[Function]}
    onResponderTerminate={[Function]}
    onResponderTerminationRequest={[Function]}
    onStartShouldSetResponder={[Function]}
    style={
      Object {
        "opacity": 1,
      }
    }
    testID="submit-button"
  >
    <View
      style={
        Array [
          Object {},
        ]
      }
    >
      <Text
        style={
          Array [
            Object {
              "color": "#007AFF",
              "fontSize": 18,
              "margin": 8,
              "textAlign": "center",
            },
          ]
        }
      >
        Cadastrar-se
      </Text>
    </View>
  </View>,
]
`;
